Loading db file '/home/tools/PDK/55lp_pdk_std_io/IH55LP_HS_V2p5b_basic_20190730/IH55LP_HS_V2p5b_basic/IH55LP_HS_RVT_V2p5b/synopsys/ih55lp_hs_rvt_tt_1p20_25c_basic.db'
Information: Propagating switching activity (low effort zero delay simulation). (PWR-6)
Warning: Design has unannotated primary inputs. (PWR-414)
Warning: Design has unannotated sequential cell outputs. (PWR-415)
 
****************************************
Report : power
        -analysis_effort low
Design : core
Version: O-2018.06-SP5-2
Date   : Mon Jun 21 02:55:44 2021
****************************************


Library(s) Used:

    ih55lp_hs_rvt_tt_1p20_25c_basic (File: /home/tools/PDK/55lp_pdk_std_io/IH55LP_HS_V2p5b_basic_20190730/IH55LP_HS_V2p5b_basic/IH55LP_HS_RVT_V2p5b/synopsys/ih55lp_hs_rvt_tt_1p20_25c_basic.db)


Operating Conditions: TT   Library: ih55lp_hs_rvt_tt_1p20_25c_basic
Wire Load Model Mode: top


Global Operating Voltage = 1.2  
Power-specific unit information :
    Voltage Units = 1V
    Capacitance Units = 1.000000pf
    Time Units = 1ns
    Dynamic Power Units = 1mW    (derived from V,C,T units)
    Leakage Power Units = 1uW


  Cell Internal Power  =  15.8778 mW   (85%)
  Net Switching Power  =   2.9125 mW   (15%)
                         ---------
Total Dynamic Power    =  18.7903 mW  (100%)

Cell Leakage Power     =  27.7084 uW


                 Internal         Switching           Leakage            Total
Power Group      Power            Power               Power              Power   (   %    )  Attrs
--------------------------------------------------------------------------------------------------
io_pad             0.0000            0.0000            0.0000            0.0000  (   0.00%)
memory             0.0000            0.0000            0.0000            0.0000  (   0.00%)
black_box          0.0000            0.0000            0.0000            0.0000  (   0.00%)
clock_network  5.0304e-02        8.8038e-02        2.5894e-02            0.1384  (   0.74%)
register          10.4520            0.3645            6.4899           10.8230  (  57.51%)
sequential         1.2899            0.1577            2.5277            1.4502  (   7.71%)
combinational      4.0856            2.3022           18.6645            6.4065  (  34.04%)
--------------------------------------------------------------------------------------------------
Total             15.8778 mW         2.9125 mW        27.7080 uW        18.8180 mW
1
